GPUINIT enabled.
-------------------------------------------------------------
STREAM version $Revision: 5.10 $
-------------------------------------------------------------
This system uses 8 bytes per array element.
-------------------------------------------------------------
Array size = 80000000 (elements), Offset = 0 (elements)
Memory per array = 610.4 MiB (= 0.6 GiB).
Total memory required = 1831.1 MiB (= 1.8 GiB).
Each kernel will be executed 10 times.
 The *best* time for each kernel (excluding the first iteration)
 will be used to compute the reported bandwidth.
-------------------------------------------------------------
Number of Threads requested = 1
Number of Threads counted = 1
-------------------------------------------------------------
Your clock granularity/precision appears to be 1 microseconds.
Each test below will take on the order of 19547 microseconds.
   (= 19547 clock ticks)
Increase the size of the arrays if this shows that
you are not getting at least 20 clock ticks per test.
-------------------------------------------------------------
WARNING -- The above is only a rough guideline.
For best results, please be sure you know the
precision of your system timer.
-------------------------------------------------------------
Function    Best Rate MB/s  Avg time     Min time     Max time
Copy:           36887.7     0.034802     0.034700     0.034844
Scale:          36820.7     0.034822     0.034763     0.034885
Add:            38936.6     0.049408     0.049311     0.049479
Triad:          37740.3     0.050974     0.050874     0.051085
-------------------------------------------------------------
Solution Validates: avg error less than 1.000000e-13 on all three arrays
-------------------------------------------------------------

 Performance counter stats for './mstream hipMalloc':

                 0      major-faults                                                
             8,624      minor-faults                                                
        20,074,078      ls_l1_d_tlb_miss.all                                        
        17,410,884      dTLB-load-misses                                            
           230,063      iTLB-load-misses                                            

       2.935171992 seconds time elapsed

       2.121198000 seconds user
       0.745509000 seconds sys


GPUINIT enabled.
-------------------------------------------------------------
STREAM version $Revision: 5.10 $
-------------------------------------------------------------
This system uses 8 bytes per array element.
-------------------------------------------------------------
Array size = 80000000 (elements), Offset = 0 (elements)
Memory per array = 610.4 MiB (= 0.6 GiB).
Total memory required = 1831.1 MiB (= 1.8 GiB).
Each kernel will be executed 10 times.
 The *best* time for each kernel (excluding the first iteration)
 will be used to compute the reported bandwidth.
-------------------------------------------------------------
Number of Threads requested = 3
Number of Threads counted = 3
-------------------------------------------------------------
Your clock granularity/precision appears to be 1 microseconds.
Each test below will take on the order of 7587 microseconds.
   (= 7587 clock ticks)
Increase the size of the arrays if this shows that
you are not getting at least 20 clock ticks per test.
-------------------------------------------------------------
WARNING -- The above is only a rough guideline.
For best results, please be sure you know the
precision of your system timer.
-------------------------------------------------------------
Function    Best Rate MB/s  Avg time     Min time     Max time
Copy:          104490.3     0.012326     0.012250     0.012378
Scale:         104402.9     0.012330     0.012260     0.012394
Add:           110905.4     0.017360     0.017312     0.017403
Triad:         107448.7     0.017908     0.017869     0.017963
-------------------------------------------------------------
Solution Validates: avg error less than 1.000000e-13 on all three arrays
-------------------------------------------------------------

 Performance counter stats for './mstream hipMalloc':

               244      major-faults                                                
             8,403      minor-faults                                                
        20,108,869      ls_l1_d_tlb_miss.all                                        
        17,400,335      dTLB-load-misses                                            
           337,001      iTLB-load-misses                                            

       1.569838940 seconds time elapsed

       2.480937000 seconds user
       1.016281000 seconds sys


GPUINIT enabled.
-------------------------------------------------------------
STREAM version $Revision: 5.10 $
-------------------------------------------------------------
This system uses 8 bytes per array element.
-------------------------------------------------------------
Array size = 80000000 (elements), Offset = 0 (elements)
Memory per array = 610.4 MiB (= 0.6 GiB).
Total memory required = 1831.1 MiB (= 1.8 GiB).
Each kernel will be executed 10 times.
 The *best* time for each kernel (excluding the first iteration)
 will be used to compute the reported bandwidth.
-------------------------------------------------------------
Number of Threads requested = 6
Number of Threads counted = 6
-------------------------------------------------------------
Your clock granularity/precision appears to be 1 microseconds.
Each test below will take on the order of 4760 microseconds.
   (= 4760 clock ticks)
Increase the size of the arrays if this shows that
you are not getting at least 20 clock ticks per test.
-------------------------------------------------------------
WARNING -- The above is only a rough guideline.
For best results, please be sure you know the
precision of your system timer.
-------------------------------------------------------------
Function    Best Rate MB/s  Avg time     Min time     Max time
Copy:          177577.8     0.007230     0.007208     0.007255
Scale:         176992.4     0.007250     0.007232     0.007274
Add:           190343.8     0.010105     0.010087     0.010126
Triad:         189221.2     0.010195     0.010147     0.010221
-------------------------------------------------------------
Solution Validates: avg error less than 1.000000e-13 on all three arrays
-------------------------------------------------------------

 Performance counter stats for './mstream hipMalloc':

               500      major-faults                                                
             8,182      minor-faults                                                
        20,117,296      ls_l1_d_tlb_miss.all                                        
        17,405,505      dTLB-load-misses                                            
           479,581      iTLB-load-misses                                            

       1.322064120 seconds time elapsed

       3.192599000 seconds user
       1.627530000 seconds sys


GPUINIT enabled.
-------------------------------------------------------------
STREAM version $Revision: 5.10 $
-------------------------------------------------------------
This system uses 8 bytes per array element.
-------------------------------------------------------------
Array size = 80000000 (elements), Offset = 0 (elements)
Memory per array = 610.4 MiB (= 0.6 GiB).
Total memory required = 1831.1 MiB (= 1.8 GiB).
Each kernel will be executed 10 times.
 The *best* time for each kernel (excluding the first iteration)
 will be used to compute the reported bandwidth.
-------------------------------------------------------------
Number of Threads requested = 9
Number of Threads counted = 9
-------------------------------------------------------------
Your clock granularity/precision appears to be 1 microseconds.
Each test below will take on the order of 4302 microseconds.
   (= 4302 clock ticks)
Increase the size of the arrays if this shows that
you are not getting at least 20 clock ticks per test.
-------------------------------------------------------------
WARNING -- The above is only a rough guideline.
For best results, please be sure you know the
precision of your system timer.
-------------------------------------------------------------
Function    Best Rate MB/s  Avg time     Min time     Max time
Copy:          197560.6     0.006497     0.006479     0.006514
Scale:         196894.0     0.006525     0.006501     0.006541
Add:           205808.1     0.009334     0.009329     0.009339
Triad:         206626.6     0.009298     0.009292     0.009305
-------------------------------------------------------------
Solution Validates: avg error less than 1.000000e-13 on all three arrays
-------------------------------------------------------------

 Performance counter stats for './mstream hipMalloc':

               694      major-faults                                                
             8,025      minor-faults                                                
        20,180,016      ls_l1_d_tlb_miss.all                                        
        17,446,435      dTLB-load-misses                                            
           619,187      iTLB-load-misses                                            

       1.306735777 seconds time elapsed

       4.370253000 seconds user
       2.272875000 seconds sys


GPUINIT enabled.
-------------------------------------------------------------
STREAM version $Revision: 5.10 $
-------------------------------------------------------------
This system uses 8 bytes per array element.
-------------------------------------------------------------
Array size = 80000000 (elements), Offset = 0 (elements)
Memory per array = 610.4 MiB (= 0.6 GiB).
Total memory required = 1831.1 MiB (= 1.8 GiB).
Each kernel will be executed 10 times.
 The *best* time for each kernel (excluding the first iteration)
 will be used to compute the reported bandwidth.
-------------------------------------------------------------
Number of Threads requested = 12
Number of Threads counted = 12
-------------------------------------------------------------
Your clock granularity/precision appears to be 1 microseconds.
Each test below will take on the order of 4132 microseconds.
   (= 4132 clock ticks)
Increase the size of the arrays if this shows that
you are not getting at least 20 clock ticks per test.
-------------------------------------------------------------
WARNING -- The above is only a rough guideline.
For best results, please be sure you know the
precision of your system timer.
-------------------------------------------------------------
Function    Best Rate MB/s  Avg time     Min time     Max time
Copy:          198598.3     0.006457     0.006445     0.006468
Scale:         197990.5     0.006477     0.006465     0.006488
Add:           207142.1     0.009284     0.009269     0.009318
Triad:         207435.6     0.009269     0.009256     0.009285
-------------------------------------------------------------
Solution Validates: avg error less than 1.000000e-13 on all three arrays
-------------------------------------------------------------

 Performance counter stats for './mstream hipMalloc':

               696      major-faults                                                
             8,077      minor-faults                                                
        20,201,156      ls_l1_d_tlb_miss.all                                        
        17,474,456      dTLB-load-misses                                            
           780,869      iTLB-load-misses                                            

       1.291911047 seconds time elapsed

       5.728245000 seconds user
       2.973940000 seconds sys


GPUINIT enabled.
-------------------------------------------------------------
STREAM version $Revision: 5.10 $
-------------------------------------------------------------
This system uses 8 bytes per array element.
-------------------------------------------------------------
Array size = 80000000 (elements), Offset = 0 (elements)
Memory per array = 610.4 MiB (= 0.6 GiB).
Total memory required = 1831.1 MiB (= 1.8 GiB).
Each kernel will be executed 10 times.
 The *best* time for each kernel (excluding the first iteration)
 will be used to compute the reported bandwidth.
-------------------------------------------------------------
Number of Threads requested = 15
Number of Threads counted = 15
-------------------------------------------------------------
Your clock granularity/precision appears to be 1 microseconds.
Each test below will take on the order of 4063 microseconds.
   (= 4063 clock ticks)
Increase the size of the arrays if this shows that
you are not getting at least 20 clock ticks per test.
-------------------------------------------------------------
WARNING -- The above is only a rough guideline.
For best results, please be sure you know the
precision of your system timer.
-------------------------------------------------------------
Function    Best Rate MB/s  Avg time     Min time     Max time
Copy:          197045.8     0.006518     0.006496     0.006537
Scale:         197313.7     0.006516     0.006487     0.006547
Add:           204040.3     0.009434     0.009410     0.009449
Triad:         203519.5     0.009445     0.009434     0.009467
-------------------------------------------------------------
Solution Validates: avg error less than 1.000000e-13 on all three arrays
-------------------------------------------------------------

 Performance counter stats for './mstream hipMalloc':

               694      major-faults                                                
             8,123      minor-faults                                                
        20,328,906      ls_l1_d_tlb_miss.all                                        
        17,481,270      dTLB-load-misses                                            
           961,101      iTLB-load-misses                                            

       1.299087155 seconds time elapsed

       7.148466000 seconds user
       3.593608000 seconds sys


GPUINIT enabled.
-------------------------------------------------------------
STREAM version $Revision: 5.10 $
-------------------------------------------------------------
This system uses 8 bytes per array element.
-------------------------------------------------------------
Array size = 80000000 (elements), Offset = 0 (elements)
Memory per array = 610.4 MiB (= 0.6 GiB).
Total memory required = 1831.1 MiB (= 1.8 GiB).
Each kernel will be executed 10 times.
 The *best* time for each kernel (excluding the first iteration)
 will be used to compute the reported bandwidth.
-------------------------------------------------------------
Number of Threads requested = 18
Number of Threads counted = 18
-------------------------------------------------------------
Your clock granularity/precision appears to be 1 microseconds.
Each test below will take on the order of 4081 microseconds.
   (= 4081 clock ticks)
Increase the size of the arrays if this shows that
you are not getting at least 20 clock ticks per test.
-------------------------------------------------------------
WARNING -- The above is only a rough guideline.
For best results, please be sure you know the
precision of your system timer.
-------------------------------------------------------------
Function    Best Rate MB/s  Avg time     Min time     Max time
Copy:          198392.9     0.006462     0.006452     0.006475
Scale:         197292.0     0.006499     0.006488     0.006510
Add:           205834.4     0.009345     0.009328     0.009356
Triad:         205876.5     0.009341     0.009326     0.009357
-------------------------------------------------------------
Solution Validates: avg error less than 1.000000e-13 on all three arrays
-------------------------------------------------------------

 Performance counter stats for './mstream hipMalloc':

               703      major-faults                                                
             8,124      minor-faults                                                
        20,455,186      ls_l1_d_tlb_miss.all                                        
        17,540,707      dTLB-load-misses                                            
         1,110,102      iTLB-load-misses                                            

       1.288814056 seconds time elapsed

       8.520165000 seconds user
       4.139092000 seconds sys


GPUINIT enabled.
-------------------------------------------------------------
STREAM version $Revision: 5.10 $
-------------------------------------------------------------
This system uses 8 bytes per array element.
-------------------------------------------------------------
Array size = 80000000 (elements), Offset = 0 (elements)
Memory per array = 610.4 MiB (= 0.6 GiB).
Total memory required = 1831.1 MiB (= 1.8 GiB).
Each kernel will be executed 10 times.
 The *best* time for each kernel (excluding the first iteration)
 will be used to compute the reported bandwidth.
-------------------------------------------------------------
Number of Threads requested = 21
Number of Threads counted = 21
-------------------------------------------------------------
Your clock granularity/precision appears to be 1 microseconds.
Each test below will take on the order of 4057 microseconds.
   (= 4057 clock ticks)
Increase the size of the arrays if this shows that
you are not getting at least 20 clock ticks per test.
-------------------------------------------------------------
WARNING -- The above is only a rough guideline.
For best results, please be sure you know the
precision of your system timer.
-------------------------------------------------------------
Function    Best Rate MB/s  Avg time     Min time     Max time
Copy:          198848.4     0.006449     0.006437     0.006461
Scale:         198048.9     0.006472     0.006463     0.006484
Add:           206961.1     0.009290     0.009277     0.009302
Triad:         207275.4     0.009276     0.009263     0.009285
-------------------------------------------------------------
Solution Validates: avg error less than 1.000000e-13 on all three arrays
-------------------------------------------------------------

 Performance counter stats for './mstream hipMalloc':

               727      major-faults                                                
             8,164      minor-faults                                                
        20,608,275      ls_l1_d_tlb_miss.all                                        
        17,638,504      dTLB-load-misses                                            
         1,301,519      iTLB-load-misses                                            

       1.299937261 seconds time elapsed

       9.962472000 seconds user
       4.818136000 seconds sys


GPUINIT enabled.
-------------------------------------------------------------
STREAM version $Revision: 5.10 $
-------------------------------------------------------------
This system uses 8 bytes per array element.
-------------------------------------------------------------
Array size = 80000000 (elements), Offset = 0 (elements)
Memory per array = 610.4 MiB (= 0.6 GiB).
Total memory required = 1831.1 MiB (= 1.8 GiB).
Each kernel will be executed 10 times.
 The *best* time for each kernel (excluding the first iteration)
 will be used to compute the reported bandwidth.
-------------------------------------------------------------
Number of Threads requested = 24
Number of Threads counted = 24
-------------------------------------------------------------
Your clock granularity/precision appears to be 1 microseconds.
Each test below will take on the order of 4067 microseconds.
   (= 4067 clock ticks)
Increase the size of the arrays if this shows that
you are not getting at least 20 clock ticks per test.
-------------------------------------------------------------
WARNING -- The above is only a rough guideline.
For best results, please be sure you know the
precision of your system timer.
-------------------------------------------------------------
Function    Best Rate MB/s  Avg time     Min time     Max time
Copy:          200004.1     0.006409     0.006400     0.006417
Scale:         199091.8     0.006437     0.006429     0.006443
Add:           208084.1     0.009236     0.009227     0.009244
Triad:         208515.2     0.009222     0.009208     0.009234
-------------------------------------------------------------
Solution Validates: avg error less than 1.000000e-13 on all three arrays
-------------------------------------------------------------

 Performance counter stats for './mstream hipMalloc':

               620      major-faults                                                
             8,297      minor-faults                                                
        20,662,076      ls_l1_d_tlb_miss.all                                        
        17,658,549      dTLB-load-misses                                            
         1,399,300      iTLB-load-misses                                            

       1.288957877 seconds time elapsed

      11.269538000 seconds user
       5.235882000 seconds sys


