-------------------------------------------------------------
STREAM version $Revision: 5.10 $
-------------------------------------------------------------
This system uses 8 bytes per array element.
-------------------------------------------------------------
Array size = 80000000 (elements), Offset = 0 (elements)
Memory per array = 610.4 MiB (= 0.6 GiB).
Total memory required = 1831.1 MiB (= 1.8 GiB).
Each kernel will be executed 10 times.
 The *best* time for each kernel (excluding the first iteration)
 will be used to compute the reported bandwidth.
-------------------------------------------------------------
Number of Threads requested = 1
Number of Threads counted = 1
-------------------------------------------------------------
Your clock granularity/precision appears to be 1 microseconds.
Each test below will take on the order of 27734 microseconds.
   (= 27734 clock ticks)
Increase the size of the arrays if this shows that
you are not getting at least 20 clock ticks per test.
-------------------------------------------------------------
WARNING -- The above is only a rough guideline.
For best results, please be sure you know the
precision of your system timer.
-------------------------------------------------------------
Function    Best Rate MB/s  Avg time     Min time     Max time
Copy:           28913.5     0.044488     0.044270     0.044768
Scale:          29349.1     0.043718     0.043613     0.043875
Add:            38886.0     0.049745     0.049375     0.049999
Triad:          36233.3     0.053183     0.052990     0.053429
-------------------------------------------------------------
Solution Validates: avg error less than 1.000000e-13 on all three arrays
-------------------------------------------------------------

 Performance counter stats for './mstream hipMallocManaged':

                 0      major-faults                                                
           472,110      minor-faults                                                
        18,249,718      ls_l1_d_tlb_miss.all                                        
        17,342,927      dTLB-load-misses                                            
           387,255      iTLB-load-misses                                            

       2.982213749 seconds time elapsed

       2.129392000 seconds user
       0.796355000 seconds sys


-------------------------------------------------------------
STREAM version $Revision: 5.10 $
-------------------------------------------------------------
This system uses 8 bytes per array element.
-------------------------------------------------------------
Array size = 80000000 (elements), Offset = 0 (elements)
Memory per array = 610.4 MiB (= 0.6 GiB).
Total memory required = 1831.1 MiB (= 1.8 GiB).
Each kernel will be executed 10 times.
 The *best* time for each kernel (excluding the first iteration)
 will be used to compute the reported bandwidth.
-------------------------------------------------------------
Number of Threads requested = 3
Number of Threads counted = 3
-------------------------------------------------------------
Your clock granularity/precision appears to be 1 microseconds.
Each test below will take on the order of 9647 microseconds.
   (= 9647 clock ticks)
Increase the size of the arrays if this shows that
you are not getting at least 20 clock ticks per test.
-------------------------------------------------------------
WARNING -- The above is only a rough guideline.
For best results, please be sure you know the
precision of your system timer.
-------------------------------------------------------------
Function    Best Rate MB/s  Avg time     Min time     Max time
Copy:           82708.8     0.015654     0.015476     0.015842
Scale:          83090.2     0.015443     0.015405     0.015493
Add:            99682.7     0.019287     0.019261     0.019337
Triad:          97215.8     0.020170     0.019750     0.020443
-------------------------------------------------------------
Solution Validates: avg error less than 1.000000e-13 on all three arrays
-------------------------------------------------------------

 Performance counter stats for './mstream hipMallocManaged':

                 0      major-faults                                                
           472,140      minor-faults                                                
        18,322,242      ls_l1_d_tlb_miss.all                                        
        17,368,515      dTLB-load-misses                                            
           194,438      iTLB-load-misses                                            

       1.570964635 seconds time elapsed

       2.672272000 seconds user
       1.312805000 seconds sys


-------------------------------------------------------------
STREAM version $Revision: 5.10 $
-------------------------------------------------------------
This system uses 8 bytes per array element.
-------------------------------------------------------------
Array size = 80000000 (elements), Offset = 0 (elements)
Memory per array = 610.4 MiB (= 0.6 GiB).
Total memory required = 1831.1 MiB (= 1.8 GiB).
Each kernel will be executed 10 times.
 The *best* time for each kernel (excluding the first iteration)
 will be used to compute the reported bandwidth.
-------------------------------------------------------------
Number of Threads requested = 6
Number of Threads counted = 6
-------------------------------------------------------------
Your clock granularity/precision appears to be 1 microseconds.
Each test below will take on the order of 5615 microseconds.
   (= 5615 clock ticks)
Increase the size of the arrays if this shows that
you are not getting at least 20 clock ticks per test.
-------------------------------------------------------------
WARNING -- The above is only a rough guideline.
For best results, please be sure you know the
precision of your system timer.
-------------------------------------------------------------
Function    Best Rate MB/s  Avg time     Min time     Max time
Copy:          136358.6     0.009402     0.009387     0.009442
Scale:         136171.8     0.009413     0.009400     0.009453
Add:           161997.6     0.011869     0.011852     0.011927
Triad:         160438.8     0.011995     0.011967     0.012055
-------------------------------------------------------------
Solution Validates: avg error less than 1.000000e-13 on all three arrays
-------------------------------------------------------------

 Performance counter stats for './mstream hipMallocManaged':

                 0      major-faults                                                
           472,184      minor-faults                                                
        18,409,837      ls_l1_d_tlb_miss.all                                        
        17,389,636      dTLB-load-misses                                            
           302,971      iTLB-load-misses                                            

       1.119198071 seconds time elapsed

       3.397996000 seconds user
       1.513778000 seconds sys


-------------------------------------------------------------
STREAM version $Revision: 5.10 $
-------------------------------------------------------------
This system uses 8 bytes per array element.
-------------------------------------------------------------
Array size = 80000000 (elements), Offset = 0 (elements)
Memory per array = 610.4 MiB (= 0.6 GiB).
Total memory required = 1831.1 MiB (= 1.8 GiB).
Each kernel will be executed 10 times.
 The *best* time for each kernel (excluding the first iteration)
 will be used to compute the reported bandwidth.
-------------------------------------------------------------
Number of Threads requested = 9
Number of Threads counted = 9
-------------------------------------------------------------
Your clock granularity/precision appears to be 1 microseconds.
Each test below will take on the order of 5413 microseconds.
   (= 5413 clock ticks)
Increase the size of the arrays if this shows that
you are not getting at least 20 clock ticks per test.
-------------------------------------------------------------
WARNING -- The above is only a rough guideline.
For best results, please be sure you know the
precision of your system timer.
-------------------------------------------------------------
Function    Best Rate MB/s  Avg time     Min time     Max time
Copy:          152654.6     0.008399     0.008385     0.008411
Scale:         152057.9     0.008430     0.008418     0.008439
Add:           180093.6     0.010678     0.010661     0.010689
Triad:         180878.3     0.010627     0.010615     0.010645
-------------------------------------------------------------
Solution Validates: avg error less than 1.000000e-13 on all three arrays
-------------------------------------------------------------

 Performance counter stats for './mstream hipMallocManaged':

                 0      major-faults                                                
           472,229      minor-faults                                                
        18,576,107      ls_l1_d_tlb_miss.all                                        
        17,477,678      dTLB-load-misses                                            
           396,297      iTLB-load-misses                                            

       1.008743025 seconds time elapsed

       4.642593000 seconds user
       1.620899000 seconds sys


-------------------------------------------------------------
STREAM version $Revision: 5.10 $
-------------------------------------------------------------
This system uses 8 bytes per array element.
-------------------------------------------------------------
Array size = 80000000 (elements), Offset = 0 (elements)
Memory per array = 610.4 MiB (= 0.6 GiB).
Total memory required = 1831.1 MiB (= 1.8 GiB).
Each kernel will be executed 10 times.
 The *best* time for each kernel (excluding the first iteration)
 will be used to compute the reported bandwidth.
-------------------------------------------------------------
Number of Threads requested = 12
Number of Threads counted = 12
-------------------------------------------------------------
Your clock granularity/precision appears to be 1 microseconds.
Each test below will take on the order of 5445 microseconds.
   (= 5445 clock ticks)
Increase the size of the arrays if this shows that
you are not getting at least 20 clock ticks per test.
-------------------------------------------------------------
WARNING -- The above is only a rough guideline.
For best results, please be sure you know the
precision of your system timer.
-------------------------------------------------------------
Function    Best Rate MB/s  Avg time     Min time     Max time
Copy:          152871.9     0.008400     0.008373     0.008446
Scale:         151963.2     0.008450     0.008423     0.008508
Add:           177893.6     0.010818     0.010793     0.010840
Triad:         178457.3     0.010771     0.010759     0.010783
-------------------------------------------------------------
Solution Validates: avg error less than 1.000000e-13 on all three arrays
-------------------------------------------------------------

 Performance counter stats for './mstream hipMallocManaged':

                 0      major-faults                                                
           472,276      minor-faults                                                
        18,635,248      ls_l1_d_tlb_miss.all                                        
        17,383,192      dTLB-load-misses                                            
           516,659      iTLB-load-misses                                            

       1.004313702 seconds time elapsed

       6.180068000 seconds user
       1.976623000 seconds sys


-------------------------------------------------------------
STREAM version $Revision: 5.10 $
-------------------------------------------------------------
This system uses 8 bytes per array element.
-------------------------------------------------------------
Array size = 80000000 (elements), Offset = 0 (elements)
Memory per array = 610.4 MiB (= 0.6 GiB).
Total memory required = 1831.1 MiB (= 1.8 GiB).
Each kernel will be executed 10 times.
 The *best* time for each kernel (excluding the first iteration)
 will be used to compute the reported bandwidth.
-------------------------------------------------------------
Number of Threads requested = 15
Number of Threads counted = 15
-------------------------------------------------------------
Your clock granularity/precision appears to be 1 microseconds.
Each test below will take on the order of 5445 microseconds.
   (= 5445 clock ticks)
Increase the size of the arrays if this shows that
you are not getting at least 20 clock ticks per test.
-------------------------------------------------------------
WARNING -- The above is only a rough guideline.
For best results, please be sure you know the
precision of your system timer.
-------------------------------------------------------------
Function    Best Rate MB/s  Avg time     Min time     Max time
Copy:          152126.9     0.008433     0.008414     0.008453
Scale:         150980.3     0.008488     0.008478     0.008492
Add:           175040.0     0.010993     0.010969     0.011006
Triad:         176004.0     0.010923     0.010909     0.010933
-------------------------------------------------------------
Solution Validates: avg error less than 1.000000e-13 on all three arrays
-------------------------------------------------------------

 Performance counter stats for './mstream hipMallocManaged':

                 0      major-faults                                                
           472,320      minor-faults                                                
        18,904,440      ls_l1_d_tlb_miss.all                                        
        17,468,436      dTLB-load-misses                                            
           647,659      iTLB-load-misses                                            

       1.008282074 seconds time elapsed

       7.711400000 seconds user
       2.419374000 seconds sys


-------------------------------------------------------------
STREAM version $Revision: 5.10 $
-------------------------------------------------------------
This system uses 8 bytes per array element.
-------------------------------------------------------------
Array size = 80000000 (elements), Offset = 0 (elements)
Memory per array = 610.4 MiB (= 0.6 GiB).
Total memory required = 1831.1 MiB (= 1.8 GiB).
Each kernel will be executed 10 times.
 The *best* time for each kernel (excluding the first iteration)
 will be used to compute the reported bandwidth.
-------------------------------------------------------------
Number of Threads requested = 18
Number of Threads counted = 18
-------------------------------------------------------------
Your clock granularity/precision appears to be 1 microseconds.
Each test below will take on the order of 5439 microseconds.
   (= 5439 clock ticks)
Increase the size of the arrays if this shows that
you are not getting at least 20 clock ticks per test.
-------------------------------------------------------------
WARNING -- The above is only a rough guideline.
For best results, please be sure you know the
precision of your system timer.
-------------------------------------------------------------
Function    Best Rate MB/s  Avg time     Min time     Max time
Copy:          151709.9     0.008447     0.008437     0.008452
Scale:         150747.2     0.008496     0.008491     0.008500
Add:           174086.4     0.011036     0.011029     0.011047
Triad:         175085.6     0.010978     0.010966     0.010990
-------------------------------------------------------------
Solution Validates: avg error less than 1.000000e-13 on all three arrays
-------------------------------------------------------------

 Performance counter stats for './mstream hipMallocManaged':

                 0      major-faults                                                
           472,364      minor-faults                                                
        19,034,590      ls_l1_d_tlb_miss.all                                        
        17,567,559      dTLB-load-misses                                            
           796,595      iTLB-load-misses                                            

       1.012755138 seconds time elapsed

       9.245214000 seconds user
       2.901753000 seconds sys


-------------------------------------------------------------
STREAM version $Revision: 5.10 $
-------------------------------------------------------------
This system uses 8 bytes per array element.
-------------------------------------------------------------
Array size = 80000000 (elements), Offset = 0 (elements)
Memory per array = 610.4 MiB (= 0.6 GiB).
Total memory required = 1831.1 MiB (= 1.8 GiB).
Each kernel will be executed 10 times.
 The *best* time for each kernel (excluding the first iteration)
 will be used to compute the reported bandwidth.
-------------------------------------------------------------
Number of Threads requested = 21
Number of Threads counted = 21
-------------------------------------------------------------
Your clock granularity/precision appears to be 1 microseconds.
Each test below will take on the order of 5408 microseconds.
   (= 5408 clock ticks)
Increase the size of the arrays if this shows that
you are not getting at least 20 clock ticks per test.
-------------------------------------------------------------
WARNING -- The above is only a rough guideline.
For best results, please be sure you know the
precision of your system timer.
-------------------------------------------------------------
Function    Best Rate MB/s  Avg time     Min time     Max time
Copy:          150641.4     0.008504     0.008497     0.008510
Scale:         149288.4     0.008584     0.008574     0.008595
Add:           173348.2     0.011085     0.011076     0.011096
Triad:         174403.1     0.011025     0.011009     0.011038
-------------------------------------------------------------
Solution Validates: avg error less than 1.000000e-13 on all three arrays
-------------------------------------------------------------

 Performance counter stats for './mstream hipMallocManaged':

                 0      major-faults                                                
           472,410      minor-faults                                                
        19,294,533      ls_l1_d_tlb_miss.all                                        
        17,653,720      dTLB-load-misses                                            
           908,025      iTLB-load-misses                                            

       1.011287983 seconds time elapsed

      10.720769000 seconds user
       3.380965000 seconds sys


-------------------------------------------------------------
STREAM version $Revision: 5.10 $
-------------------------------------------------------------
This system uses 8 bytes per array element.
-------------------------------------------------------------
Array size = 80000000 (elements), Offset = 0 (elements)
Memory per array = 610.4 MiB (= 0.6 GiB).
Total memory required = 1831.1 MiB (= 1.8 GiB).
Each kernel will be executed 10 times.
 The *best* time for each kernel (excluding the first iteration)
 will be used to compute the reported bandwidth.
-------------------------------------------------------------
Number of Threads requested = 24
Number of Threads counted = 24
-------------------------------------------------------------
Your clock granularity/precision appears to be 1 microseconds.
Each test below will take on the order of 5403 microseconds.
   (= 5403 clock ticks)
Increase the size of the arrays if this shows that
you are not getting at least 20 clock ticks per test.
-------------------------------------------------------------
WARNING -- The above is only a rough guideline.
For best results, please be sure you know the
precision of your system timer.
-------------------------------------------------------------
Function    Best Rate MB/s  Avg time     Min time     Max time
Copy:          152871.9     0.008388     0.008373     0.008402
Scale:         151748.5     0.008446     0.008435     0.008455
Add:           175180.9     0.010981     0.010960     0.010994
Triad:         176030.9     0.010921     0.010907     0.010933
-------------------------------------------------------------
Solution Validates: avg error less than 1.000000e-13 on all three arrays
-------------------------------------------------------------

 Performance counter stats for './mstream hipMallocManaged':

                 0      major-faults                                                
           472,455      minor-faults                                                
        19,338,272      ls_l1_d_tlb_miss.all                                        
        17,695,223      dTLB-load-misses                                            
           989,807      iTLB-load-misses                                            

       1.013973422 seconds time elapsed

      12.282716000 seconds user
       3.750298000 seconds sys


